// Jest Snapshot v1, https://goo.gl/fbAQLP

exports[`MyMenu/1 1`] = `
<div
  className="MyMenu"
>
  <div
    className="MyMenuHeaders"
  >
    <div
      className="MyMenuResponsiveNav"
    >
      <span
        className="MyMenuTitle"
      >
        General
      </span>
      <button
        className="MyMenuBars fa fa-bars"
        onClick={[Function]}
      />
    </div>
    <div
      className="MyMenuNav"
      displayNav="N"
    >
      <button
        className="MyMenuHeader"
        currentTab="Y"
        onClick={[Function]}
      >
        General
      </button>
      <button
        className="MyMenuHeader"
        currentTab="N"
        onClick={[Function]}
      >
        Web
      </button>
      <button
        className="MyMenuHeader"
        currentTab="N"
        onClick={[Function]}
      >
        Java Script
      </button>
      <button
        className="MyMenuHeader"
        currentTab="N"
        onClick={[Function]}
      >
        Cloud
      </button>
    </div>
  </div>
  <div
    className="MyMenuBody"
  >
    <div
      className="MyMenuGroup"
    >
      <div
        className="MyMenuGroupCard"
      >
        <h2
          className="MyMenuGroupHeader"
        >
          References
        </h2>
        <div
          className="MyLinkGroup"
        >
          <ul
            className="MyLinkGroup"
          >
            <li
              className="MyLink"
            >
              <a
                className="MyLink"
                href="https://opensource.org/licenses/alphabetical"
                rel="nofollow"
              >
                OpenSource.org/Licenses
              </a>
            </li>
            <li
              className="MyLink"
            >
              <a
                className="MyLink"
                href="https://spdx.org/licenses/"
                rel="nofollow"
              >
                SPDX.org/Licenses
              </a>
            </li>
            <li
              className="MyLink"
            >
              <a
                className="MyLink"
                href="https://semver.org"
                rel="nofollow"
              >
                Semantic Versioning 2.0.0
              </a>
            </li>
            <li
              className="MyLink"
            >
              <a
                className="MyLink"
                href="https://keepachangelog.com"
                rel="nofollow"
              >
                KeepAChangeLog.com
              </a>
            </li>
            <li
              className="MyLink"
            >
              <a
                className="MyLink"
                href="https://agilemanifesto.org"
                rel="nofollow"
              >
                AgileManifesto.org
              </a>
            </li>
          </ul>
        </div>
      </div>
    </div>
    <div
      className="MyMenuGroup"
    >
      <div
        className="MyMenuGroupCard"
      >
        <h2
          className="MyMenuGroupHeader"
        >
          IDE
        </h2>
        <div
          className="MyLinkGroup"
        >
          <ul
            className="MyLinkGroup"
          >
            <li
              className="MyLink"
            >
              <a
                className="MyLink"
                href="https://code.visualstudio.com"
                rel="nofollow"
              >
                VS Code
              </a>
            </li>
            <li
              className="MyLink"
            >
              <a
                className="MyLink"
                href="https://vscodethemes.com"
                rel="nofollow"
              >
                VSCodeThemes.com
              </a>
            </li>
            <li
              className="MyLink"
            >
              <a
                className="MyLink"
                href="https://notepad-plus-plus.org"
                rel="nofollow"
              >
                Notepad++
              </a>
            </li>
          </ul>
        </div>
      </div>
    </div>
    <div
      className="MyMenuGroup"
    >
      <div
        className="MyMenuGroupCard"
      >
        <h2
          className="MyMenuGroupHeader"
        >
          Rest Tools
        </h2>
        <div
          className="MyLinkGroup"
        >
          <ul
            className="MyLinkGroup"
          >
            <li
              className="MyLink"
            >
              <a
                className="MyLink"
                href="https://insomnia.rest"
                rel="nofollow"
              >
                Insomnia
              </a>
            </li>
            <li
              className="MyLink"
            >
              <a
                className="MyLink"
                href="https://www.postman.com"
                rel="nofollow"
              >
                Postman
              </a>
            </li>
          </ul>
        </div>
      </div>
    </div>
  </div>
</div>
`;
