// Jest Snapshot v1, https://goo.gl/fbAQLP

exports[`MyMenuHeaders/1 1`] = `
<div
  class="MyMenuHeaders"
>
  <div
    class="MyMenuResponsiveNav"
  >
    <span
      class="MyMenuTitle"
    >
      Header 1
    </span>
    <button
      class="MyMenuBars fa fa-bars"
    />
  </div>
  <div
    class="MyMenuNav"
    displaynav="N"
  >
    <button
      class="MyMenuHeader"
      currenttab="Y"
    >
      Header 1
    </button>
    <button
      class="MyMenuHeader"
      currenttab="N"
    >
      Header 2
    </button>
    <button
      class="MyMenuHeader"
      currenttab="N"
    >
      Header 3
    </button>
  </div>
</div>
`;

exports[`MyMenuHeaders/2 1`] = `
<div
  class="MyMenuHeaders"
>
  <div
    class="MyMenuResponsiveNav"
  >
    <span
      class="MyMenuTitle"
    >
      Header 2
    </span>
    <button
      class="MyMenuBars fa fa-bars"
    />
  </div>
  <div
    class="MyMenuNav"
    displaynav="N"
  >
    <button
      class="MyMenuHeader"
      currenttab="N"
    >
      Header 1
    </button>
    <button
      class="MyMenuHeader"
      currenttab="Y"
    >
      Header 2
    </button>
    <button
      class="MyMenuHeader"
      currenttab="N"
    >
      Header 3
    </button>
  </div>
</div>
`;
