// Jest Snapshot v1, https://goo.gl/fbAQLP

exports[`MyMenu/1 1`] = `
<div
  class="MyMenu"
>
  <div
    class="MyMenuHeaders"
  >
    <div
      class="MyMenuResponsiveNav"
    >
      <span
        class="MyMenuTitle"
      >
        General
      </span>
      <button
        class="MyMenuBars fa fa-bars"
      />
    </div>
    <div
      class="MyMenuNav"
      data-display-nav="N"
    >
      <button
        class="MyMenuHeader"
        data-current-tab="Y"
      >
        General
      </button>
      <button
        class="MyMenuHeader"
        data-current-tab="N"
      >
        Web
      </button>
      <button
        class="MyMenuHeader"
        data-current-tab="N"
      >
        Java Script
      </button>
      <button
        class="MyMenuHeader"
        data-current-tab="N"
      >
        Cloud
      </button>
    </div>
  </div>
  <div
    class="MyMenuBody"
  >
    <div
      class="MyMenuGroup"
    >
      <div
        class="MyMenuGroupCard"
      >
        <h2
          class="MyMenuGroupHeader"
        >
          References
        </h2>
        <div
          class="MyLinkGroup"
        >
          <ul
            class="MyLinkGroup"
          >
            <li
              class="MyLink"
            >
              <a
                class="MyLink"
                href="https://opensource.org/licenses/alphabetical"
                rel="nofollow"
              >
                OpenSource.org/Licenses
              </a>
            </li>
            <li
              class="MyLink"
            >
              <a
                class="MyLink"
                href="https://spdx.org/licenses/"
                rel="nofollow"
              >
                SPDX.org/Licenses
              </a>
            </li>
            <li
              class="MyLink"
            >
              <a
                class="MyLink"
                href="https://semver.org"
                rel="nofollow"
              >
                Semantic Versioning 2.0.0
              </a>
            </li>
            <li
              class="MyLink"
            >
              <a
                class="MyLink"
                href="https://keepachangelog.com"
                rel="nofollow"
              >
                KeepAChangeLog.com
              </a>
            </li>
            <li
              class="MyLink"
            >
              <a
                class="MyLink"
                href="https://agilemanifesto.org"
                rel="nofollow"
              >
                AgileManifesto.org
              </a>
            </li>
          </ul>
        </div>
      </div>
    </div>
    <div
      class="MyMenuGroup"
    >
      <div
        class="MyMenuGroupCard"
      >
        <h2
          class="MyMenuGroupHeader"
        >
          IDE
        </h2>
        <div
          class="MyLinkGroup"
        >
          <ul
            class="MyLinkGroup"
          >
            <li
              class="MyLink"
            >
              <a
                class="MyLink"
                href="https://code.visualstudio.com"
                rel="nofollow"
              >
                VS Code
              </a>
            </li>
            <li
              class="MyLink"
            >
              <a
                class="MyLink"
                href="https://vscodethemes.com"
                rel="nofollow"
              >
                VSCodeThemes.com
              </a>
            </li>
            <li
              class="MyLink"
            >
              <a
                class="MyLink"
                href="https://notepad-plus-plus.org"
                rel="nofollow"
              >
                Notepad++
              </a>
            </li>
          </ul>
        </div>
      </div>
    </div>
    <div
      class="MyMenuGroup"
    >
      <div
        class="MyMenuGroupCard"
      >
        <h2
          class="MyMenuGroupHeader"
        >
          Rest Tools
        </h2>
        <div
          class="MyLinkGroup"
        >
          <ul
            class="MyLinkGroup"
          >
            <li
              class="MyLink"
            >
              <a
                class="MyLink"
                href="https://insomnia.rest"
                rel="nofollow"
              >
                Insomnia
              </a>
            </li>
            <li
              class="MyLink"
            >
              <a
                class="MyLink"
                href="https://www.postman.com"
                rel="nofollow"
              >
                Postman
              </a>
            </li>
          </ul>
        </div>
      </div>
    </div>
  </div>
</div>
`;
